[www.richardekwonye.com/index.html]
[backblue.gif]
[fade.gif]
[index.html]
[www.richardekwonye.com/images/app-cover.png]
[www.richardekwonye.com/favicon.ico]
[www.richardekwonye.com/apple-touch-icon.png]
[www.richardekwonye.com/favicon-32x32.png]
[www.richardekwonye.com/favicon-16x16.png]
[www.richardekwonye.com/_next/static/css/5b1fc7a7706589dd.css]
[www.richardekwonye.com/_next/static/css/5b4b2c502636db62.css]
[www.richardekwonye.com/_next/static/css/6d21de58ca5f42d2.css]
[www.richardekwonye.com/_next/static/chunks/polyfills-5cd94c89d3acac5f.js]
[www.richardekwonye.com/_next/static/chunks/webpack-a82c5f7fd5733cb4.js]
[www.richardekwonye.com/_next/static/chunks/framework-8dbce5f194cf5c28.js]
[www.richardekwonye.com/_next/static/chunks/main-bfe7e7cb10522a13.js]
[www.richardekwonye.com/_next/static/chunks/822-ad0dd940e1ee154e.js]
[www.richardekwonye.com/_next/static/chunks/186-5d5e924f377065ba.js]
[www.richardekwonye.com/_next/static/chunks/pages/_app-ecdcdcfbb4efcd1c.js]
[www.richardekwonye.com/_next/static/chunks/pages/index-518ad858e2f285f4.js]
[www.richardekwonye.com/_next/static/Ve7UD0TF-erml3Hv1K8o3/_buildManifest.js]
[www.richardekwonye.com/_next/static/Ve7UD0TF-erml3Hv1K8o3/_ssgManifest.js]
[www.richardekwonye.com/_next/static/Ve7UD0TF-erml3Hv1K8o3/_middlewareManifest.js]
[www.richardekwonye.com/index.html]
[www.richardekwonye.com/_next/static/media/PPNeueMontreal-Medium.f9b3b92f.woff2]
[www.richardekwonye.com/_next/static/media/PPNeueMontreal-Medium.ed0edb52.woff]
[www.richardekwonye.com/_next/static/css/5b1fc7a7706589dd.css]
[www.richardekwonye.com/_next/static/css/5b4b2c502636db62.css]
[www.richardekwonye.com/_next/static/css/6d21de58ca5f42d2.css]
